#-----------------------------------------------------------
# Vivado v2024.2 (64-bit)
# SW Build 5239630 on Fri Nov 08 22:35:27 MST 2024
# IP Build 5239520 on Sun Nov 10 16:12:51 MST 2024
# SharedData Build 5239561 on Fri Nov 08 14:39:27 MST 2024
# Start of session at: Thu Mar 12 21:26:09 2026
# Process ID         : 35644
# Current directory  : C:/Users/Logan.Johns/Documents/ECE281/ece281-lab2/binaryHexDisp.runs/impl_1
# Command line       : vivado.exe -log top_basys3.vdi -applog -product Vivado -messageDb vivado.pb -mode batch -source top_basys3.tcl -notrace
# Log file           : C:/Users/Logan.Johns/Documents/ECE281/ece281-lab2/binaryHexDisp.runs/impl_1/top_basys3.vdi
# Journal file       : C:/Users/Logan.Johns/Documents/ECE281/ece281-lab2/binaryHexDisp.runs/impl_1\vivado.jou
# Running On         : C26-5CG2151BXG
# Platform           : Windows Server 2016 or Windows 10
# Operating System   : 22631
# Processor Detail   : 11th Gen Intel(R) Core(TM) i7-1165G7 @ 2.80GHz
# CPU Frequency      : 2803 MHz
# CPU Physical cores : 4
# CPU Logical cores  : 8
# Host memory        : 16374 MB
# Swap memory        : 25769 MB
# Total Virtual      : 42144 MB
# Available Virtual  : 15141 MB
#-----------------------------------------------------------
source top_basys3.tcl -notrace
